// Vitest Snapshot v1, https://vitest.dev/guide/snapshot.html

exports[`MA resident metadata schema 1`] = `
[
  {
    "adjustedMaxReleaseDate": 2026-12-15T00:00:00.000Z,
    "creditActivity": [
      {
        "activity": "SOR Adult Secondary Education-Educ",
        "activityCode": "EDUC",
        "activityType": "Education Release Activity",
        "creditDate": 2021-08-31T00:00:00.000Z,
        "creditType": "EARNED_GOOD_TIME",
        "creditsEarned": 7.5,
        "rating": "S",
      },
      {
        "activity": "SOR Adult Secondary Education-Prog",
        "activityCode": "PROG",
        "activityType": "Institutional Programs",
        "creditDate": 2021-08-31T00:00:00.000Z,
        "creditType": "EARNED_GOOD_TIME",
        "creditsEarned": 0,
        "rating": "S",
      },
      {
        "activity": "Violence Reduction Program (Prog)",
        "activityCode": "PROG",
        "activityType": "Institutional Programs",
        "creditDate": 2021-08-31T00:00:00.000Z,
        "creditType": "EARNED_GOOD_TIME",
        "creditsEarned": 7.5,
        "rating": "S",
      },
      {
        "activity": "SOR Adult Secondary Education-Educ",
        "activityCode": "EDUC",
        "activityType": "Education Release Activity",
        "creditDate": 2021-09-30T00:00:00.000Z,
        "creditType": "EARNED_GOOD_TIME",
        "creditsEarned": 7.5,
        "rating": "S",
      },
      {
        "activity": "SOR Adult Secondary Education-Prog",
        "activityCode": "PROG",
        "activityType": "Institutional Programs",
        "creditDate": 2021-09-30T00:00:00.000Z,
        "creditType": "EARNED_GOOD_TIME",
        "creditsEarned": 7.5,
        "rating": "S",
      },
      {
        "activity": "Violence Reduction Program (Prog)",
        "activityCode": "PROG",
        "activityType": "Institutional Programs",
        "creditDate": 2021-09-30T00:00:00.000Z,
        "creditType": "EARNED_GOOD_TIME",
        "creditsEarned": 0,
        "rating": "I",
      },
      {
        "activity": "SOR Adult Secondary Education-Educ",
        "activityCode": "EDUC",
        "activityType": "Education Release Activity",
        "creditDate": 2021-10-31T00:00:00.000Z,
        "creditType": "EARNED_GOOD_TIME",
        "creditsEarned": 7.5,
        "rating": "S",
      },
      {
        "activity": "SOR Adult Secondary Education-Prog",
        "activityCode": "PROG",
        "activityType": "Institutional Programs",
        "creditDate": 2021-10-31T00:00:00.000Z,
        "creditType": "EARNED_GOOD_TIME",
        "creditsEarned": 7.5,
        "rating": "S",
      },
      {
        "activity": "Violence Reduction Program (Prog)",
        "activityCode": "PROG",
        "activityType": "Institutional Programs",
        "creditDate": 2021-10-31T00:00:00.000Z,
        "creditType": "EARNED_GOOD_TIME",
        "creditsEarned": 0,
        "rating": "S",
      },
      {
        "activity": "Violence Reduction Program (Prog) (BOOST)",
        "activityCode": "PROG",
        "activityType": "Institutional Programs",
        "creditDate": 2021-10-31T00:00:00.000Z,
        "creditType": "BOOST",
        "creditsEarned": 10,
        "rating": "S",
      },
      {
        "activity": "Violence Reduction Program (Prog) (COMPLETION)",
        "activityCode": "PROG",
        "activityType": "Institutional Programs",
        "creditDate": 2021-10-31T00:00:00.000Z,
        "creditType": "COMPLETION",
        "creditsEarned": 30,
        "rating": "S",
      },
    ],
    "lastUpdatedDate": 2021-12-16T00:00:00.000Z,
    "originalMaxReleaseDate": 2027-02-16T00:00:00.000Z,
    "rtsDate": 2026-11-15T00:00:00.000Z,
    "totalCompletionCredit": 30,
    "totalCompletionCreditDaysCalculated": 30,
    "totalStateCredit": 63,
    "totalStateCreditDaysCalculated": 63,
  },
  {
    "adjustedMaxReleaseDate": null,
    "creditActivity": [
      {
        "activity": "Institutional Employment",
        "activityCode": "WORK",
        "activityType": "Institutional Work",
        "creditDate": 2021-08-31T00:00:00.000Z,
        "creditType": "EARNED_GOOD_TIME",
        "creditsEarned": 7.5,
        "rating": "S",
      },
      {
        "activity": "Institutional Employment",
        "activityCode": "WORK",
        "activityType": "Institutional Work",
        "creditDate": 2021-09-30T00:00:00.000Z,
        "creditType": "EARNED_GOOD_TIME",
        "creditsEarned": 7.5,
        "rating": "S",
      },
      {
        "activity": "Institutional Employment",
        "activityCode": "WORK",
        "activityType": "Institutional Work",
        "creditDate": 2021-10-31T00:00:00.000Z,
        "creditType": "EARNED_GOOD_TIME",
        "creditsEarned": 7.5,
        "rating": "S",
      },
    ],
    "lastUpdatedDate": 2021-12-16T00:00:00.000Z,
    "originalMaxReleaseDate": null,
    "rtsDate": null,
    "totalCompletionCredit": 80,
    "totalCompletionCreditDaysCalculated": 0,
    "totalStateCredit": 988,
    "totalStateCreditDaysCalculated": 0,
  },
  {
    "adjustedMaxReleaseDate": 2023-11-03T00:00:00.000Z,
    "creditActivity": [
      {
        "activity": "Institutional Employment",
        "activityCode": "WORK",
        "activityType": "Institutional Work",
        "creditDate": 2021-08-31T00:00:00.000Z,
        "creditType": "EARNED_GOOD_TIME",
        "creditsEarned": 7.5,
        "rating": "S",
      },
      {
        "activity": "Institutional Employment",
        "activityCode": "WORK",
        "activityType": "Institutional Work",
        "creditDate": 2021-09-30T00:00:00.000Z,
        "creditType": "EARNED_GOOD_TIME",
        "creditsEarned": 7.5,
        "rating": "S",
      },
      {
        "activity": "Reentry Readiness Workshop",
        "activityCode": "PROG",
        "activityType": "Institutional Programs",
        "creditDate": 2021-09-30T00:00:00.000Z,
        "creditType": "EARNED_GOOD_TIME",
        "creditsEarned": 5,
        "rating": "S",
      },
      {
        "activity": "Institutional Employment",
        "activityCode": "WORK",
        "activityType": "Institutional Work",
        "creditDate": 2021-10-31T00:00:00.000Z,
        "creditType": "EARNED_GOOD_TIME",
        "creditsEarned": 7.5,
        "rating": "S",
      },
      {
        "activity": "Reentry Readiness Workshop",
        "activityCode": "PROG",
        "activityType": "Institutional Programs",
        "creditDate": 2021-10-31T00:00:00.000Z,
        "creditType": "EARNED_GOOD_TIME",
        "creditsEarned": 5,
        "rating": "S",
      },
    ],
    "lastUpdatedDate": 2021-12-16T00:00:00.000Z,
    "originalMaxReleaseDate": 2023-11-04T00:00:00.000Z,
    "rtsDate": null,
    "totalCompletionCredit": 0,
    "totalCompletionCreditDaysCalculated": 0,
    "totalStateCredit": 133,
    "totalStateCreditDaysCalculated": 1,
  },
]
`;
