// Vitest Snapshot v1, https://vitest.dev/guide/snapshot.html

exports[`hydrate clientEvents 1`] = `
[
  {
    "attributes": {
      "code": "149",
      "description": "NOT ASSOCIATE WITH ANYONE YOU KNOW TO HAVE A FELONY RECORD",
    },
    "eventDate": 2023-07-22T00:00:00.000Z,
    "metricId": "violations",
  },
  {
    "attributes": {
      "code": null,
      "description": "PAROLE REINSTATED",
    },
    "eventDate": 2023-05-12T00:00:00.000Z,
    "metricId": "violation_responses",
  },
  {
    "attributes": {
      "code": "148",
      "description": "COMPLY WITH ALCOHOL AND DRUG TESTING ORDERED BY FIELD AGENT",
    },
    "eventDate": 2023-05-01T00:00:00.000Z,
    "metricId": "violations",
  },
  {
    "attributes": {
      "code": null,
      "description": null,
    },
    "eventDate": 2023-05-22T00:00:00.000Z,
    "metricId": "treatment_completion",
  },
]
`;

exports[`hydrate clientInfo 1`] = `
{
  "birthdate": 1971-03-15T00:00:00.000Z,
  "clientId": "707222",
  "displayName": "Quinn Adams",
  "fullName": {
    "givenNames": "Quinn",
    "surname": "Adams",
  },
  "gender": "MALE",
  "pseudonymizedClientId": "hashed-707222",
  "raceOrEthnicity": "BLACK",
}
`;

exports[`hydrate supervisionOfficerMetricEvents 1`] = `
[
  {
    "clientId": "985771",
    "clientName": {
      "givenNames": "Kevin",
      "surname": "Baker",
    },
    "eventDate": 2022-12-24T00:00:00.000Z,
    "metricId": "absconsions_bench_warrants",
    "officerAssignmentDate": 2021-01-08T00:00:00.000Z,
    "officerAssignmentEndDate": 2022-02-05T00:00:00.000Z,
    "pseudonymizedClientId": "hashed-985771",
    "supervisionEndDate": 2022-02-05T00:00:00.000Z,
    "supervisionStartDate": 2021-01-08T00:00:00.000Z,
    "supervisionType": "COMMUNITY_CONFINEMENT",
  },
  {
    "clientId": "326160",
    "clientName": {
      "givenNames": "Ana",
      "surname": "Hernandez",
    },
    "eventDate": 2022-12-21T00:00:00.000Z,
    "metricId": "absconsions_bench_warrants",
    "officerAssignmentDate": 2021-01-08T00:00:00.000Z,
    "officerAssignmentEndDate": 2022-02-05T00:00:00.000Z,
    "pseudonymizedClientId": "hashed-326160",
    "supervisionEndDate": 2022-02-05T00:00:00.000Z,
    "supervisionStartDate": 2021-01-08T00:00:00.000Z,
    "supervisionType": "COMMUNITY_CONFINEMENT",
  },
  {
    "clientId": "931890",
    "clientName": {
      "givenNames": "Ricardo",
      "surname": "Wood",
    },
    "eventDate": 2022-12-24T00:00:00.000Z,
    "metricId": "absconsions_bench_warrants",
    "officerAssignmentDate": 2021-01-08T00:00:00.000Z,
    "officerAssignmentEndDate": 2022-02-05T00:00:00.000Z,
    "pseudonymizedClientId": "hashed-931890",
    "supervisionEndDate": 2022-02-05T00:00:00.000Z,
    "supervisionStartDate": 2021-01-08T00:00:00.000Z,
    "supervisionType": "COMMUNITY_CONFINEMENT",
  },
  {
    "clientId": "930441",
    "clientName": {
      "givenNames": "Stanley",
      "surname": "Maxwell",
    },
    "eventDate": 2022-10-24T00:00:00.000Z,
    "metricId": "absconsions_bench_warrants",
    "officerAssignmentDate": 2021-01-08T00:00:00.000Z,
    "officerAssignmentEndDate": 2022-02-05T00:00:00.000Z,
    "pseudonymizedClientId": "hashed-930441",
    "supervisionEndDate": 2022-02-05T00:00:00.000Z,
    "supervisionStartDate": 2021-01-08T00:00:00.000Z,
    "supervisionType": "COMMUNITY_CONFINEMENT",
  },
  {
    "clientId": "564940",
    "clientName": {
      "givenNames": "Walter",
      "surname": "King",
    },
    "eventDate": 2022-09-05T00:00:00.000Z,
    "metricId": "absconsions_bench_warrants",
    "officerAssignmentDate": 2021-01-08T00:00:00.000Z,
    "officerAssignmentEndDate": 2022-02-05T00:00:00.000Z,
    "pseudonymizedClientId": "hashed-564940",
    "supervisionEndDate": 2022-02-05T00:00:00.000Z,
    "supervisionStartDate": 2021-01-08T00:00:00.000Z,
    "supervisionType": "COMMUNITY_CONFINEMENT",
  },
  {
    "clientId": "235261",
    "clientName": {
      "givenNames": "Jacob",
      "surname": "Allen",
    },
    "eventDate": 2023-05-06T00:00:00.000Z,
    "metricId": "absconsions_bench_warrants",
    "officerAssignmentDate": 2021-01-08T00:00:00.000Z,
    "officerAssignmentEndDate": 2022-02-05T00:00:00.000Z,
    "pseudonymizedClientId": "hashed-235261",
    "supervisionEndDate": 2022-02-05T00:00:00.000Z,
    "supervisionStartDate": 2021-01-08T00:00:00.000Z,
    "supervisionType": "COMMUNITY_CONFINEMENT",
  },
  {
    "clientId": "531407",
    "clientName": {
      "givenNames": "Bryan",
      "surname": "Johnson",
    },
    "eventDate": 2023-04-07T00:00:00.000Z,
    "metricId": "absconsions_bench_warrants",
    "officerAssignmentDate": 2021-01-08T00:00:00.000Z,
    "officerAssignmentEndDate": 2022-02-05T00:00:00.000Z,
    "pseudonymizedClientId": "hashed-531407",
    "supervisionEndDate": 2022-02-05T00:00:00.000Z,
    "supervisionStartDate": 2021-01-08T00:00:00.000Z,
    "supervisionType": "COMMUNITY_CONFINEMENT",
  },
  {
    "clientId": "436502",
    "clientName": {
      "givenNames": "Arthur",
      "surname": "Gonzalez",
    },
    "eventDate": 2023-02-15T00:00:00.000Z,
    "metricId": "absconsions_bench_warrants",
    "officerAssignmentDate": 2021-01-08T00:00:00.000Z,
    "officerAssignmentEndDate": 2022-02-05T00:00:00.000Z,
    "pseudonymizedClientId": "hashed-436502",
    "supervisionEndDate": 2022-02-05T00:00:00.000Z,
    "supervisionStartDate": 2021-01-08T00:00:00.000Z,
    "supervisionType": "COMMUNITY_CONFINEMENT",
  },
  {
    "clientId": "339710",
    "clientName": {
      "givenNames": "Terry",
      "surname": "Clark",
    },
    "eventDate": 2023-05-14T00:00:00.000Z,
    "metricId": "absconsions_bench_warrants",
    "officerAssignmentDate": 2021-01-08T00:00:00.000Z,
    "officerAssignmentEndDate": 2022-02-05T00:00:00.000Z,
    "pseudonymizedClientId": "hashed-339710",
    "supervisionEndDate": 2022-02-05T00:00:00.000Z,
    "supervisionStartDate": 2021-01-08T00:00:00.000Z,
    "supervisionType": "COMMUNITY_CONFINEMENT",
  },
]
`;
