// Vitest Snapshot v1, https://vitest.dev/guide/snapshot.html

exports[`transform record for SLD 1`] = `
{
  "caseNotes": {
    "Recommended supervision level": [
      {
        "eventDate": null,
        "noteBody": "MEDIUM",
        "noteTitle": null,
      },
    ],
  },
  "eligibleCriteria": {
    "supervisionLevelHigherThanAssessmentLevel": {
      "assessmentLevel": "Medium",
      "latestAssessmentDate": 2022-10-12T00:00:00.000Z,
      "supervisionLevel": "HIGH",
    },
    "usMiNotPastInitialClassificationReviewDate": {
      "eligibleDate": 2022-12-12T00:00:00.000Z,
    },
    "usMiNotServingIneligibleOffensesForDowngradeFromSupervisionLevel": null,
  },
  "externalId": "sld-eligible-1",
  "ineligibleCriteria": {},
  "metadata": {
    "eligibleDate": 2022-12-12T00:00:00.000Z,
  },
  "stateCode": "US_MI",
}
`;
