// Jest Snapshot v1, https://goo.gl/fbAQLP

exports[`has outlierOfficerData 1`] = `
Object {
  "caseloadType": "SEX_OFFENSE",
  "displayName": "Duke Ellington",
  "district": "Region D1",
  "externalId": "so1",
  "fullName": Object {
    "givenNames": "Duke",
    "surname": "Ellington",
  },
  "outlierMetrics": Array [
    Object {
      "benchmark": Object {
        "benchmarks": Array [
          Object {
            "endDate": 2023-04-01T00:00:00.000Z,
            "target": 0.028739974981108838,
          },
          Object {
            "endDate": 2023-05-01T00:00:00.000Z,
            "target": 0.028739974981108838,
          },
          Object {
            "endDate": 2023-06-01T00:00:00.000Z,
            "target": 0.028739974981108838,
          },
          Object {
            "endDate": 2023-07-01T00:00:00.000Z,
            "target": 0.028739974981108838,
          },
          Object {
            "endDate": 2023-08-01T00:00:00.000Z,
            "target": 0.028739974981108838,
          },
          Object {
            "endDate": 2023-09-01T00:00:00.000Z,
            "target": 0.028739974981108838,
          },
        ],
        "caseloadType": "SEX_OFFENSE",
        "currentPeriodTarget": 0.028739974981108838,
        "latestPeriodValues": Array [
          Object {
            "targetStatus": "FAR",
            "value": 0.06633147564817059,
          },
          Object {
            "targetStatus": "FAR",
            "value": 0.0756829609662537,
          },
          Object {
            "targetStatus": "FAR",
            "value": 0.0843280708509819,
          },
          Object {
            "targetStatus": "FAR",
            "value": 0.11247207457052615,
          },
          Object {
            "targetStatus": "NEAR",
            "value": 0.02935971685971686,
          },
          Object {
            "targetStatus": "NEAR",
            "value": 0.03093744702491948,
          },
          Object {
            "targetStatus": "NEAR",
            "value": 0.03237250554323725,
          },
          Object {
            "targetStatus": "NEAR",
            "value": 0.03372447565370045,
          },
          Object {
            "targetStatus": "NEAR",
            "value": 0.03479006815040747,
          },
          Object {
            "targetStatus": "NEAR",
            "value": 0.04377548572799233,
          },
          Object {
            "targetStatus": "NEAR",
            "value": 0.05392229280543655,
          },
          Object {
            "targetStatus": "NEAR",
            "value": 0.05550486618004866,
          },
          Object {
            "targetStatus": "NEAR",
            "value": 0.06122620145936426,
          },
          Object {
            "targetStatus": "MET",
            "value": 0,
          },
          Object {
            "targetStatus": "MET",
            "value": 0,
          },
          Object {
            "targetStatus": "MET",
            "value": 0,
          },
          Object {
            "targetStatus": "MET",
            "value": 0,
          },
          Object {
            "targetStatus": "MET",
            "value": 0,
          },
          Object {
            "targetStatus": "MET",
            "value": 0,
          },
          Object {
            "targetStatus": "MET",
            "value": 0,
          },
          Object {
            "targetStatus": "MET",
            "value": 0,
          },
          Object {
            "targetStatus": "MET",
            "value": 0,
          },
          Object {
            "targetStatus": "MET",
            "value": 0,
          },
          Object {
            "targetStatus": "MET",
            "value": 0,
          },
          Object {
            "targetStatus": "MET",
            "value": 0,
          },
          Object {
            "targetStatus": "MET",
            "value": 0,
          },
          Object {
            "targetStatus": "MET",
            "value": 0,
          },
          Object {
            "targetStatus": "MET",
            "value": 0,
          },
          Object {
            "targetStatus": "MET",
            "value": 0.0173108845150581,
          },
          Object {
            "targetStatus": "MET",
            "value": 0.018670076726342712,
          },
          Object {
            "targetStatus": "MET",
            "value": 0.019819721980886187,
          },
          Object {
            "targetStatus": "MET",
            "value": 0.022852491860756323,
          },
          Object {
            "targetStatus": "MET",
            "value": 0.02359100310237849,
          },
          Object {
            "targetStatus": "MET",
            "value": 0.023865568196678438,
          },
          Object {
            "targetStatus": "MET",
            "value": 0.024082871470044866,
          },
          Object {
            "targetStatus": "MET",
            "value": 0.02499315256094221,
          },
        ],
        "metricId": "absconsions_bench_warrants",
      },
      "config": Object {
        "bodyDisplayName": "absconsion rate",
        "eventName": "absconsions",
        "eventNameSingular": "absconsion",
        "name": "absconsions_bench_warrants",
        "outcomeType": "ADVERSE",
        "titleDisplayName": "Absconsion Rate",
      },
      "currentPeriodData": Object {
        "endDate": 2023-09-01T00:00:00.000Z,
        "metricRate": 0.10630035918842831,
        "status": "FAR",
      },
      "metricId": "absconsions_bench_warrants",
      "statusesOverTime": Array [
        Object {
          "endDate": 2023-04-01T00:00:00.000Z,
          "metricRate": 0.098509819,
          "status": "FAR",
        },
        Object {
          "endDate": 2023-05-01T00:00:00.000Z,
          "metricRate": 0.094708509819,
          "status": "FAR",
        },
        Object {
          "endDate": 2023-06-01T00:00:00.000Z,
          "metricRate": 0.0843280708509819,
          "status": "FAR",
        },
        Object {
          "endDate": 2023-07-01T00:00:00.000Z,
          "metricRate": 0.1018842831,
          "status": "FAR",
        },
        Object {
          "endDate": 2023-08-01T00:00:00.000Z,
          "metricRate": 0.11247207457052615,
          "status": "FAR",
        },
        Object {
          "endDate": 2023-09-01T00:00:00.000Z,
          "metricRate": 0.10630035918842831,
          "status": "FAR",
        },
      ],
    },
    Object {
      "benchmark": Object {
        "benchmarks": Array [
          Object {
            "endDate": 2023-04-01T00:00:00.000Z,
            "target": 0.21415916840761745,
          },
          Object {
            "endDate": 2023-05-01T00:00:00.000Z,
            "target": 0.21415916840761745,
          },
          Object {
            "endDate": 2023-06-01T00:00:00.000Z,
            "target": 0.21415916840761745,
          },
          Object {
            "endDate": 2023-07-01T00:00:00.000Z,
            "target": 0.21415916840761745,
          },
          Object {
            "endDate": 2023-08-01T00:00:00.000Z,
            "target": 0.21415916840761745,
          },
          Object {
            "endDate": 2023-09-01T00:00:00.000Z,
            "target": 0.21415916840761745,
          },
        ],
        "caseloadType": "SEX_OFFENSE",
        "currentPeriodTarget": 0.21415916840761745,
        "latestPeriodValues": Array [
          Object {
            "targetStatus": "FAR",
            "value": 0.383876345,
          },
          Object {
            "targetStatus": "NEAR",
            "value": 0.2156891712217462,
          },
          Object {
            "targetStatus": "NEAR",
            "value": 0.22289320124847334,
          },
          Object {
            "targetStatus": "NEAR",
            "value": 0.2513774104683196,
          },
          Object {
            "targetStatus": "NEAR",
            "value": 0.25765638575152044,
          },
          Object {
            "targetStatus": "NEAR",
            "value": 0.26617355974580686,
          },
          Object {
            "targetStatus": "NEAR",
            "value": 0.2842457752511487,
          },
          Object {
            "targetStatus": "NEAR",
            "value": 0.30401465933699817,
          },
          Object {
            "targetStatus": "NEAR",
            "value": 0.30873334743074643,
          },
          Object {
            "targetStatus": "NEAR",
            "value": 0.3092029264536003,
          },
          Object {
            "targetStatus": "NEAR",
            "value": 0.32831614295994244,
          },
          Object {
            "targetStatus": "NEAR",
            "value": 0.33674410802650345,
          },
          Object {
            "targetStatus": "NEAR",
            "value": 0.33724475653700453,
          },
          Object {
            "targetStatus": "NEAR",
            "value": 0.35949406458970506,
          },
          Object {
            "targetStatus": "MET",
            "value": 0.018847464628730763,
          },
          Object {
            "targetStatus": "MET",
            "value": 0.02775243309002433,
          },
          Object {
            "targetStatus": "MET",
            "value": 0.06404070532502851,
          },
          Object {
            "targetStatus": "MET",
            "value": 0.06958013630081494,
          },
          Object {
            "targetStatus": "MET",
            "value": 0.07086690612561887,
          },
          Object {
            "targetStatus": "MET",
            "value": 0.07159670459003531,
          },
          Object {
            "targetStatus": "MET",
            "value": 0.08246723904202441,
          },
          Object {
            "targetStatus": "MET",
            "value": 0.08595921058829072,
          },
          Object {
            "targetStatus": "MET",
            "value": 0.08735192054565034,
          },
          Object {
            "targetStatus": "MET",
            "value": 0.09013087496913326,
          },
          Object {
            "targetStatus": "MET",
            "value": 0.09335038363171355,
          },
          Object {
            "targetStatus": "MET",
            "value": 0.09793399517037832,
          },
          Object {
            "targetStatus": "MET",
            "value": 0.108173789342659,
          },
          Object {
            "targetStatus": "MET",
            "value": 0.11055245941361763,
          },
          Object {
            "targetStatus": "MET",
            "value": 0.12117619160540669,
          },
          Object {
            "targetStatus": "MET",
            "value": 0.14154601861427094,
          },
          Object {
            "targetStatus": "MET",
            "value": 0.14504271806079871,
          },
          Object {
            "targetStatus": "MET",
            "value": 0.14995891536565326,
          },
          Object {
            "targetStatus": "MET",
            "value": 0.19266297176035893,
          },
          Object {
            "targetStatus": "MET",
            "value": 0.19395979098396954,
          },
          Object {
            "targetStatus": "MET",
            "value": 0.1942350332594235,
          },
          Object {
            "targetStatus": "MET",
            "value": 0.19682613049842076,
          },
          Object {
            "targetStatus": "MET",
            "value": 0.20551801801801803,
          },
        ],
        "metricId": "incarceration_starts",
      },
      "config": Object {
        "bodyDisplayName": "incarceration rate",
        "eventName": "incarcerations",
        "eventNameSingular": "incarceration",
        "name": "incarceration_starts",
        "outcomeType": "ADVERSE",
        "titleDisplayName": "Incarceration Rate",
      },
      "currentPeriodData": Object {
        "endDate": 2023-09-01T00:00:00.000Z,
        "metricRate": 0.4331242583488727,
        "status": "FAR",
      },
      "metricId": "incarceration_starts",
      "statusesOverTime": Array [
        Object {
          "endDate": 2023-08-01T00:00:00.000Z,
          "metricRate": 0.023395936157938592,
          "status": "MET",
        },
        Object {
          "endDate": 2023-09-01T00:00:00.000Z,
          "metricRate": 0.4331242583488727,
          "status": "FAR",
        },
      ],
    },
  ],
  "pseudonymizedId": "hashed-so1",
  "supervisorExternalId": "mdavis123",
}
`;

exports[`with unit data already hydrated has outlierOfficerData 1`] = `
Object {
  "caseloadType": "SEX_OFFENSE",
  "displayName": "Duke Ellington",
  "district": "Region D1",
  "externalId": "so1",
  "fullName": Object {
    "givenNames": "Duke",
    "surname": "Ellington",
  },
  "outlierMetrics": Array [
    Object {
      "benchmark": Object {
        "benchmarks": Array [
          Object {
            "endDate": 2023-04-01T00:00:00.000Z,
            "target": 0.028739974981108838,
          },
          Object {
            "endDate": 2023-05-01T00:00:00.000Z,
            "target": 0.028739974981108838,
          },
          Object {
            "endDate": 2023-06-01T00:00:00.000Z,
            "target": 0.028739974981108838,
          },
          Object {
            "endDate": 2023-07-01T00:00:00.000Z,
            "target": 0.028739974981108838,
          },
          Object {
            "endDate": 2023-08-01T00:00:00.000Z,
            "target": 0.028739974981108838,
          },
          Object {
            "endDate": 2023-09-01T00:00:00.000Z,
            "target": 0.028739974981108838,
          },
        ],
        "caseloadType": "SEX_OFFENSE",
        "currentPeriodTarget": 0.028739974981108838,
        "latestPeriodValues": Array [
          Object {
            "targetStatus": "FAR",
            "value": 0.06633147564817059,
          },
          Object {
            "targetStatus": "FAR",
            "value": 0.0756829609662537,
          },
          Object {
            "targetStatus": "FAR",
            "value": 0.0843280708509819,
          },
          Object {
            "targetStatus": "FAR",
            "value": 0.11247207457052615,
          },
          Object {
            "targetStatus": "NEAR",
            "value": 0.02935971685971686,
          },
          Object {
            "targetStatus": "NEAR",
            "value": 0.03093744702491948,
          },
          Object {
            "targetStatus": "NEAR",
            "value": 0.03237250554323725,
          },
          Object {
            "targetStatus": "NEAR",
            "value": 0.03372447565370045,
          },
          Object {
            "targetStatus": "NEAR",
            "value": 0.03479006815040747,
          },
          Object {
            "targetStatus": "NEAR",
            "value": 0.04377548572799233,
          },
          Object {
            "targetStatus": "NEAR",
            "value": 0.05392229280543655,
          },
          Object {
            "targetStatus": "NEAR",
            "value": 0.05550486618004866,
          },
          Object {
            "targetStatus": "NEAR",
            "value": 0.06122620145936426,
          },
          Object {
            "targetStatus": "MET",
            "value": 0,
          },
          Object {
            "targetStatus": "MET",
            "value": 0,
          },
          Object {
            "targetStatus": "MET",
            "value": 0,
          },
          Object {
            "targetStatus": "MET",
            "value": 0,
          },
          Object {
            "targetStatus": "MET",
            "value": 0,
          },
          Object {
            "targetStatus": "MET",
            "value": 0,
          },
          Object {
            "targetStatus": "MET",
            "value": 0,
          },
          Object {
            "targetStatus": "MET",
            "value": 0,
          },
          Object {
            "targetStatus": "MET",
            "value": 0,
          },
          Object {
            "targetStatus": "MET",
            "value": 0,
          },
          Object {
            "targetStatus": "MET",
            "value": 0,
          },
          Object {
            "targetStatus": "MET",
            "value": 0,
          },
          Object {
            "targetStatus": "MET",
            "value": 0,
          },
          Object {
            "targetStatus": "MET",
            "value": 0,
          },
          Object {
            "targetStatus": "MET",
            "value": 0,
          },
          Object {
            "targetStatus": "MET",
            "value": 0.0173108845150581,
          },
          Object {
            "targetStatus": "MET",
            "value": 0.018670076726342712,
          },
          Object {
            "targetStatus": "MET",
            "value": 0.019819721980886187,
          },
          Object {
            "targetStatus": "MET",
            "value": 0.022852491860756323,
          },
          Object {
            "targetStatus": "MET",
            "value": 0.02359100310237849,
          },
          Object {
            "targetStatus": "MET",
            "value": 0.023865568196678438,
          },
          Object {
            "targetStatus": "MET",
            "value": 0.024082871470044866,
          },
          Object {
            "targetStatus": "MET",
            "value": 0.02499315256094221,
          },
        ],
        "metricId": "absconsions_bench_warrants",
      },
      "config": Object {
        "bodyDisplayName": "absconsion rate",
        "eventName": "absconsions",
        "eventNameSingular": "absconsion",
        "name": "absconsions_bench_warrants",
        "outcomeType": "ADVERSE",
        "titleDisplayName": "Absconsion Rate",
      },
      "currentPeriodData": Object {
        "endDate": 2023-09-01T00:00:00.000Z,
        "metricRate": 0.10630035918842831,
        "status": "FAR",
      },
      "metricId": "absconsions_bench_warrants",
      "statusesOverTime": Array [
        Object {
          "endDate": 2023-04-01T00:00:00.000Z,
          "metricRate": 0.098509819,
          "status": "FAR",
        },
        Object {
          "endDate": 2023-05-01T00:00:00.000Z,
          "metricRate": 0.094708509819,
          "status": "FAR",
        },
        Object {
          "endDate": 2023-06-01T00:00:00.000Z,
          "metricRate": 0.0843280708509819,
          "status": "FAR",
        },
        Object {
          "endDate": 2023-07-01T00:00:00.000Z,
          "metricRate": 0.1018842831,
          "status": "FAR",
        },
        Object {
          "endDate": 2023-08-01T00:00:00.000Z,
          "metricRate": 0.11247207457052615,
          "status": "FAR",
        },
        Object {
          "endDate": 2023-09-01T00:00:00.000Z,
          "metricRate": 0.10630035918842831,
          "status": "FAR",
        },
      ],
    },
    Object {
      "benchmark": Object {
        "benchmarks": Array [
          Object {
            "endDate": 2023-04-01T00:00:00.000Z,
            "target": 0.21415916840761745,
          },
          Object {
            "endDate": 2023-05-01T00:00:00.000Z,
            "target": 0.21415916840761745,
          },
          Object {
            "endDate": 2023-06-01T00:00:00.000Z,
            "target": 0.21415916840761745,
          },
          Object {
            "endDate": 2023-07-01T00:00:00.000Z,
            "target": 0.21415916840761745,
          },
          Object {
            "endDate": 2023-08-01T00:00:00.000Z,
            "target": 0.21415916840761745,
          },
          Object {
            "endDate": 2023-09-01T00:00:00.000Z,
            "target": 0.21415916840761745,
          },
        ],
        "caseloadType": "SEX_OFFENSE",
        "currentPeriodTarget": 0.21415916840761745,
        "latestPeriodValues": Array [
          Object {
            "targetStatus": "FAR",
            "value": 0.383876345,
          },
          Object {
            "targetStatus": "NEAR",
            "value": 0.2156891712217462,
          },
          Object {
            "targetStatus": "NEAR",
            "value": 0.22289320124847334,
          },
          Object {
            "targetStatus": "NEAR",
            "value": 0.2513774104683196,
          },
          Object {
            "targetStatus": "NEAR",
            "value": 0.25765638575152044,
          },
          Object {
            "targetStatus": "NEAR",
            "value": 0.26617355974580686,
          },
          Object {
            "targetStatus": "NEAR",
            "value": 0.2842457752511487,
          },
          Object {
            "targetStatus": "NEAR",
            "value": 0.30401465933699817,
          },
          Object {
            "targetStatus": "NEAR",
            "value": 0.30873334743074643,
          },
          Object {
            "targetStatus": "NEAR",
            "value": 0.3092029264536003,
          },
          Object {
            "targetStatus": "NEAR",
            "value": 0.32831614295994244,
          },
          Object {
            "targetStatus": "NEAR",
            "value": 0.33674410802650345,
          },
          Object {
            "targetStatus": "NEAR",
            "value": 0.33724475653700453,
          },
          Object {
            "targetStatus": "NEAR",
            "value": 0.35949406458970506,
          },
          Object {
            "targetStatus": "MET",
            "value": 0.018847464628730763,
          },
          Object {
            "targetStatus": "MET",
            "value": 0.02775243309002433,
          },
          Object {
            "targetStatus": "MET",
            "value": 0.06404070532502851,
          },
          Object {
            "targetStatus": "MET",
            "value": 0.06958013630081494,
          },
          Object {
            "targetStatus": "MET",
            "value": 0.07086690612561887,
          },
          Object {
            "targetStatus": "MET",
            "value": 0.07159670459003531,
          },
          Object {
            "targetStatus": "MET",
            "value": 0.08246723904202441,
          },
          Object {
            "targetStatus": "MET",
            "value": 0.08595921058829072,
          },
          Object {
            "targetStatus": "MET",
            "value": 0.08735192054565034,
          },
          Object {
            "targetStatus": "MET",
            "value": 0.09013087496913326,
          },
          Object {
            "targetStatus": "MET",
            "value": 0.09335038363171355,
          },
          Object {
            "targetStatus": "MET",
            "value": 0.09793399517037832,
          },
          Object {
            "targetStatus": "MET",
            "value": 0.108173789342659,
          },
          Object {
            "targetStatus": "MET",
            "value": 0.11055245941361763,
          },
          Object {
            "targetStatus": "MET",
            "value": 0.12117619160540669,
          },
          Object {
            "targetStatus": "MET",
            "value": 0.14154601861427094,
          },
          Object {
            "targetStatus": "MET",
            "value": 0.14504271806079871,
          },
          Object {
            "targetStatus": "MET",
            "value": 0.14995891536565326,
          },
          Object {
            "targetStatus": "MET",
            "value": 0.19266297176035893,
          },
          Object {
            "targetStatus": "MET",
            "value": 0.19395979098396954,
          },
          Object {
            "targetStatus": "MET",
            "value": 0.1942350332594235,
          },
          Object {
            "targetStatus": "MET",
            "value": 0.19682613049842076,
          },
          Object {
            "targetStatus": "MET",
            "value": 0.20551801801801803,
          },
        ],
        "metricId": "incarceration_starts",
      },
      "config": Object {
        "bodyDisplayName": "incarceration rate",
        "eventName": "incarcerations",
        "eventNameSingular": "incarceration",
        "name": "incarceration_starts",
        "outcomeType": "ADVERSE",
        "titleDisplayName": "Incarceration Rate",
      },
      "currentPeriodData": Object {
        "endDate": 2023-09-01T00:00:00.000Z,
        "metricRate": 0.4331242583488727,
        "status": "FAR",
      },
      "metricId": "incarceration_starts",
      "statusesOverTime": Array [
        Object {
          "endDate": 2023-08-01T00:00:00.000Z,
          "metricRate": 0.023395936157938592,
          "status": "MET",
        },
        Object {
          "endDate": 2023-09-01T00:00:00.000Z,
          "metricRate": 0.4331242583488727,
          "status": "FAR",
        },
      ],
    },
  ],
  "pseudonymizedId": "hashed-so1",
  "supervisorExternalId": "mdavis123",
}
`;
