// Jest Snapshot v1, https://goo.gl/fbAQLP

exports[`record is properly parsed for opportunity 1`] = `
Object {
  "caseNotes": Object {
    "ASSAULTIVE DISCIPLINARIES": Array [],
  },
  "eligibleCriteria": Object {
    "custodyLevelHigherThanRecommended": Object {
      "custodyLevel": "MAXIMUM",
      "recommendedCustodyLevel": "HIGH",
    },
    "custodyLevelIsNotMax": null,
    "usTnIneligibleForAnnualReclassification": Object {
      "ineligibleCriteria": Array [
        "Some reason",
      ],
    },
    "usTnLatestCafAssessmentNotOverride": Object {
      "overrideReason": "Some reason",
    },
  },
  "externalId": "abc123",
  "formInformation": Object {
    "activeRecommendations": Array [],
    "classificationType": "SPECIAL",
    "currentOffenses": Array [
      "ROBBERY-ARMED WITH DEADLY WEAPON",
    ],
    "hasIncompatibles": false,
    "incompatibleArray": Array [],
    "lastCafDate": 2022-08-22T00:00:00.000Z,
    "lastCafTotal": "8",
    "q1Score": 1,
    "q2Score": 1,
    "q3Score": 1,
    "q4Score": 1,
    "q5Score": 1,
    "q6Notes": Array [
      Object {
        "eventDate": 2022-08-22T00:00:00.000Z,
        "noteBody": "Some note",
      },
    ],
    "q6Score": 1,
    "q7Notes": Array [
      Object {
        "eventDate": 2022-08-22T00:00:00.000Z,
        "noteBody": "Some note",
      },
    ],
    "q7Score": 1,
    "q8Notes": Array [
      Object {
        "detainerFelonyFlag": true,
        "detainerMisdemeanorFlag": true,
        "detainerReceivedDate": 2022-08-22T00:00:00.000Z,
      },
    ],
    "q8Score": 1,
    "q9Score": 1,
    "statusAtHearingSeg": "GEN",
  },
  "ineligibleCriteria": Object {},
  "stateCode": "US_XX",
}
`;
