// Jest Snapshot v1, https://goo.gl/fbAQLP

exports[`transform record 1`] = `
Object {
  "caseNotes": Object {
    "foo": Array [
      Object {
        "eventDate": 2022-06-28T00:00:00.000Z,
        "noteBody": "A body",
        "noteTitle": "A title",
      },
    ],
  },
  "eligibleCriteria": Object {
    "usMeMinimumOrCommunityCustody": Object {
      "custodyLevel": "MINIMUM",
    },
    "usMeNoClassAOrBViolationFor90Days": null,
    "usMeNoDetainersWarrantsOrOther": null,
    "usMeServed30DaysAtEligibleFacilityForFurloughOrWorkRelease": Object {
      "eligibleDate": 2022-11-03T00:00:00.000Z,
    },
    "usMeXMonthsRemainingOnSentence": Object {
      "eligibleDate": 2022-08-07T00:00:00.000Z,
    },
  },
  "externalId": "001",
  "ineligibleCriteria": Object {},
  "stateCode": "US_ME",
}
`;
