// Jest Snapshot v1, https://goo.gl/fbAQLP

exports[`fully eligible requirements met 1`] = `
Array [
  Object {
    "text": "Served at least 30 days at current facility",
    "tooltip": "Served at least thirty (30) days of the term of imprisonment in the facility providing the furlough program",
  },
  Object {
    "text": "Currently on community",
    "tooltip": "Currently on minimum or community custody",
  },
  Object {
    "text": "26 months remaining on sentence",
    "tooltip": "No more than thirty (30) months remaining on the term of imprisonment or, in the case of a split sentence, on the unsuspended portion, after consideration of any deductions that the resident has received and retained under Title 17-A, Sections 2302(1), 2305, and 23017-2311, if the commissioner, or designee, determines that the average statewide case load is no more than ninety (90) adult community corrections clients to one probation officer.",
  },
  Object {
    "text": "No Class A or B disciplines pending or occurring in the past 90 days",
    "tooltip": "Must not have been found guilty of a Class A or B disciplinary violation within ninety (90) days of submitting the plan to be transferred to supervised community confinement or anytime thereafter prior to the scheduled transfer and must not have a Class A or B disciplinary report pending at the time of submitting the plan or scheduled transfer.",
  },
  Object {
    "text": "No detainers, warrants, or other pending holds",
    "tooltip": "Must have no detainers, warrants, or other pending holds preventing participation in a community program as set out in Department Policy (AF) 23.1",
  },
]
`;
