// Jest Snapshot v1, https://goo.gl/fbAQLP

exports[`fully eligible requirements met 1`] = `
Array [
  Object {
    "text": "Served 1/2 of probation term on Apr 3, 2024",
    "tooltip": undefined,
  },
  Object {
    "text": "Currently on medium",
    "tooltip": undefined,
  },
  Object {
    "text": "Paid all owed restitution",
    "tooltip": "In compliance with Department Policy (ACC) 9.6, Restitution and Fees, 
under no circumstances may a Probation Officer make a motion for or agree to early 
termination of probation if the probationer has not paid the total amount of restitution owed.",
  },
  Object {
    "text": "No new convictions in the past 6 months",
    "tooltip": "In addition, whenever a person on probation is convicted of a new crime 
during the period of probation, the probation is not revoked, and the person
is sentenced to an unsuspended term of imprisonment which is concurrent with the
period of probation and the term of imprisonment will not expire until the
period of probation is completed, the Probation Officer may file a motion
with the court for early termination of probation.",
  },
]
`;
