// Jest Snapshot v1, https://goo.gl/fbAQLP

exports[`transform function 1`] = `
Object {
  "caseNotes": Object {},
  "criteria": Object {
    "supervisionPastFullTermCompletionDateOrUpcoming60Day": Object {
      "eligibleDate": 2022-03-03T00:00:00.000Z,
    },
    "usTnNoZeroToleranceCodesSpans": Object {
      "zeroToleranceCodeDates": undefined,
    },
    "usTnNotOnLifeSentenceOrLifetimeSupervision": Object {
      "lifetimeFlag": false,
    },
  },
  "externalId": "abc123",
  "stateCode": "US_XX",
}
`;
