// Vitest Snapshot v1, https://vitest.dev/guide/snapshot.html

exports[`with vitals data already hydrated > has vitalsMetricDetails 1`] = `
[
  {
    "label": "F2F Contact",
    "officersWithMetricValues": [
      {
        "displayName": "Jason Nelson",
        "metric30DDelta": 1.2,
        "metricValue": 31,
        "officerPseudonymizedId": "hashed-so3",
      },
      {
        "displayName": "Jack Hernandez",
        "metric30DDelta": -1,
        "metricValue": 57,
        "officerPseudonymizedId": "hashed-so2",
      },
      {
        "displayName": "Harriet Boyd",
        "metric30DDelta": 5.9,
        "metricValue": 79,
        "officerPseudonymizedId": "hashed-so9",
      },
      {
        "displayName": "Walter Harris",
        "metric30DDelta": -7,
        "metricValue": 87,
        "officerPseudonymizedId": "hashed-so1",
      },
      {
        "displayName": "Stephen Mann",
        "metric30DDelta": 1.5,
        "metricValue": 89,
        "officerPseudonymizedId": "hashed-so10",
      },
    ],
  },
  {
    "label": "Timely Risk Assessment",
    "officersWithMetricValues": [
      {
        "displayName": "Stephen Mann",
        "metric30DDelta": -3.4,
        "metricValue": 79,
        "officerPseudonymizedId": "hashed-so10",
      },
      {
        "displayName": "Jack Hernandez",
        "metric30DDelta": -1.7,
        "metricValue": 86,
        "officerPseudonymizedId": "hashed-so2",
      },
      {
        "displayName": "Jason Nelson",
        "metric30DDelta": 0.7,
        "metricValue": 97,
        "officerPseudonymizedId": "hashed-so3",
      },
      {
        "displayName": "Walter Harris",
        "metric30DDelta": -4,
        "metricValue": 99,
        "officerPseudonymizedId": "hashed-so1",
      },
      {
        "displayName": "Harriet Boyd",
        "metric30DDelta": 0,
        "metricValue": 100,
        "officerPseudonymizedId": "hashed-so9",
      },
    ],
  },
]
`;
