// Vitest Snapshot v1, https://vitest.dev/guide/snapshot.html

exports[`has userInfo 1`] = `
{
  "entity": {
    "displayName": "Alejandro D Gonzalez",
    "email": "mock-email",
    "externalId": "agonzalez123",
    "fullName": {
      "givenNames": "Alejandro",
      "middleNames": "D",
      "surname": "Gonzalez",
    },
    "hasOutliers": true,
    "pseudonymizedId": "hashed-agonzalez123",
    "supervisionDistrict": "Region 1",
    "supervisionUnit": "Unit 1",
  },
  "metadata": {
    "hasSeenOnboarding": false,
  },
  "role": "supervision_officer_supervisor",
}
`;

exports[`with user data already hydrated > has userInfo 1`] = `
{
  "entity": {
    "displayName": "Alejandro D Gonzalez",
    "email": "mock-email",
    "externalId": "agonzalez123",
    "fullName": {
      "givenNames": "Alejandro",
      "middleNames": "D",
      "surname": "Gonzalez",
    },
    "hasOutliers": true,
    "pseudonymizedId": "hashed-agonzalez123",
    "supervisionDistrict": "Region 1",
    "supervisionUnit": "Unit 1",
  },
  "metadata": {
    "hasSeenOnboarding": false,
  },
  "role": "supervision_officer_supervisor",
}
`;
