// Vitest Snapshot v1, https://vitest.dev/guide/snapshot.html

exports[`prefilledDataTransformer > transform multiple sentences 1`] = `
{
  "birthdate": "Jan 1, 1990",
  "clientId": "pei1",
  "countyAddress": "(Your County Address}",
  "countyFax": "(   )",
  "countyName": "(Your County}",
  "countyPhone": "(   )",
  "givenNames": "Joe",
  "middleNames": "Quimby",
  "officerName": "8675309 8675309",
  "sentences": {
    "123": {
      "county": "COUNTY",
      "docket": "cc1",
      "judgeName": "Judge Reinhold",
      "offenses": "STATUTE",
      "sentenceExpirationDate": "Mar 8, 2022",
      "sentenceStartDate": "Jan 5, 2020",
      "sentenceType": "subtype",
    },
    "456": {
      "county": "COUNTY",
      "docket": "cc2",
      "judgeName": "Judge Judge",
      "offenses": "STATUTE",
      "sentenceExpirationDate": "Aug 8, 2022",
      "sentenceStartDate": "Apr 5, 2020",
      "sentenceType": "subtype2",
    },
    "789": {
      "county": "COUNTY",
      "docket": "cc3",
      "judgeName": "Judge Jury",
      "offenses": "STATUTE",
      "sentenceExpirationDate": "Jun 8, 2022",
      "sentenceStartDate": "Jul 5, 2020",
      "sentenceType": "subtype3",
    },
  },
  "surname": "Test",
  "todaysDate": "Dec 12, 2023",
}
`;
