// Vitest Snapshot v1, https://vitest.dev/guide/snapshot.html

exports[`transformations 1`] = `
{
  "hashed-128785": {
    "birthdate": 1971-03-15T00:00:00.000Z,
    "clientId": "128785",
    "displayName": "Gabriela Hernandez",
    "fullName": {
      "givenNames": "Gabriela",
      "surname": "Hernandez",
    },
    "gender": "FEMALE",
    "pseudonymizedClientId": "hashed-128785",
    "raceOrEthnicity": "BLACK",
  },
  "hashed-144925": {
    "birthdate": 1971-03-15T00:00:00.000Z,
    "clientId": "144925",
    "displayName": "Rosa Smith",
    "fullName": {
      "givenNames": "Rosa",
      "surname": "Smith",
    },
    "gender": "FEMALE",
    "pseudonymizedClientId": "hashed-144925",
    "raceOrEthnicity": "BLACK",
  },
  "hashed-170571": {
    "birthdate": 1971-03-15T00:00:00.000Z,
    "clientId": "170571",
    "displayName": "Aaron Adams",
    "fullName": {
      "givenNames": "Aaron",
      "surname": "Adams",
    },
    "gender": "MALE",
    "pseudonymizedClientId": "hashed-170571",
    "raceOrEthnicity": "BLACK",
  },
  "hashed-205752": {
    "birthdate": 1971-03-15T00:00:00.000Z,
    "clientId": "205752",
    "displayName": "Frank Roberts",
    "fullName": {
      "givenNames": "Frank",
      "surname": "Roberts",
    },
    "gender": "MALE",
    "pseudonymizedClientId": "hashed-205752",
    "raceOrEthnicity": "BLACK",
  },
  "hashed-235261": {
    "birthdate": 1971-03-15T00:00:00.000Z,
    "clientId": "235261",
    "displayName": "Jacob Allen",
    "fullName": {
      "givenNames": "Jacob",
      "surname": "Allen",
    },
    "gender": "FEMALE",
    "pseudonymizedClientId": "hashed-235261",
    "raceOrEthnicity": "NATIVE_HAWAIIAN_PACIFIC_ISLANDER",
  },
  "hashed-283496": {
    "birthdate": 1971-03-15T00:00:00.000Z,
    "clientId": "283496",
    "displayName": "Wei Lee",
    "fullName": {
      "givenNames": "Wei",
      "surname": "Lee",
    },
    "gender": "MALE",
    "pseudonymizedClientId": "hashed-283496",
    "raceOrEthnicity": "BLACK",
  },
  "hashed-326160": {
    "birthdate": 1971-03-15T00:00:00.000Z,
    "clientId": "326160",
    "displayName": "Ana Hernandez",
    "fullName": {
      "givenNames": "Ana",
      "surname": "Hernandez",
    },
    "gender": "FEMALE",
    "pseudonymizedClientId": "hashed-326160",
    "raceOrEthnicity": "BLACK",
  },
  "hashed-334531": {
    "birthdate": 1971-03-15T00:00:00.000Z,
    "clientId": "334531",
    "displayName": "Luz Johnson",
    "fullName": {
      "givenNames": "Luz",
      "surname": "Johnson",
    },
    "gender": "MALE",
    "pseudonymizedClientId": "hashed-334531",
    "raceOrEthnicity": "BLACK",
  },
  "hashed-339710": {
    "birthdate": 1971-03-15T00:00:00.000Z,
    "clientId": "339710",
    "displayName": "Terry Clark",
    "fullName": {
      "givenNames": "Terry",
      "surname": "Clark",
    },
    "gender": "FEMALE",
    "pseudonymizedClientId": "hashed-339710",
    "raceOrEthnicity": "AMERICAN_INDIAN_ALASKAN_NATIVE",
  },
  "hashed-374673": {
    "birthdate": 1971-03-15T00:00:00.000Z,
    "clientId": "374673",
    "displayName": "Nathan Hill",
    "fullName": {
      "givenNames": "Nathan",
      "surname": "Hill",
    },
    "gender": "MALE",
    "pseudonymizedClientId": "hashed-374673",
    "raceOrEthnicity": "BLACK",
  },
  "hashed-413899": {
    "birthdate": 1971-03-15T00:00:00.000Z,
    "clientId": "413899",
    "displayName": "David Johnson",
    "fullName": {
      "givenNames": "David",
      "surname": "Johnson",
    },
    "gender": "MALE",
    "pseudonymizedClientId": "hashed-413899",
    "raceOrEthnicity": "BLACK",
  },
  "hashed-415630": {
    "birthdate": 1971-03-15T00:00:00.000Z,
    "clientId": "415630",
    "displayName": "Matthew Wilson",
    "fullName": {
      "givenNames": "Matthew",
      "surname": "Wilson",
    },
    "gender": "FEMALE",
    "pseudonymizedClientId": "hashed-415630",
    "raceOrEthnicity": "BLACK",
  },
  "hashed-436502": {
    "birthdate": 1971-03-15T00:00:00.000Z,
    "clientId": "436502",
    "displayName": "Arthur Gonzalez",
    "fullName": {
      "givenNames": "Arthur",
      "surname": "Gonzalez",
    },
    "gender": "MALE",
    "pseudonymizedClientId": "hashed-436502",
    "raceOrEthnicity": "BLACK",
  },
  "hashed-461718": {
    "birthdate": 1971-03-15T00:00:00.000Z,
    "clientId": "461718",
    "displayName": "Elizabeth Ramirez",
    "fullName": {
      "givenNames": "Elizabeth",
      "surname": "Ramirez",
    },
    "gender": "FEMALE",
    "pseudonymizedClientId": "hashed-461718",
    "raceOrEthnicity": "BLACK",
  },
  "hashed-470308": {
    "birthdate": 1971-03-15T00:00:00.000Z,
    "clientId": "470308",
    "displayName": "Casey Moore",
    "fullName": {
      "givenNames": "Casey",
      "surname": "Moore",
    },
    "gender": "MALE",
    "pseudonymizedClientId": "hashed-470308",
    "raceOrEthnicity": "BLACK",
  },
  "hashed-504894": {
    "birthdate": 1971-03-15T00:00:00.000Z,
    "clientId": "504894",
    "displayName": "Kyle Wright",
    "fullName": {
      "givenNames": "Kyle",
      "surname": "Wright",
    },
    "gender": "FEMALE",
    "pseudonymizedClientId": "hashed-504894",
    "raceOrEthnicity": "BLACK",
  },
  "hashed-531407": {
    "birthdate": 1971-03-15T00:00:00.000Z,
    "clientId": "531407",
    "displayName": "Bryan Johnson",
    "fullName": {
      "givenNames": "Bryan",
      "surname": "Johnson",
    },
    "gender": "MALE",
    "pseudonymizedClientId": "hashed-531407",
    "raceOrEthnicity": "BLACK",
  },
  "hashed-564940": {
    "birthdate": 1971-03-15T00:00:00.000Z,
    "clientId": "564940",
    "displayName": "Walter King",
    "fullName": {
      "givenNames": "Walter",
      "surname": "King",
    },
    "gender": "MALE",
    "pseudonymizedClientId": "hashed-564940",
    "raceOrEthnicity": "BLACK",
  },
  "hashed-582059": {
    "birthdate": 1971-03-15T00:00:00.000Z,
    "clientId": "582059",
    "displayName": "Michael Carter",
    "fullName": {
      "givenNames": "Michael",
      "surname": "Carter",
    },
    "gender": "MALE",
    "pseudonymizedClientId": "hashed-582059",
    "raceOrEthnicity": "BLACK",
  },
  "hashed-617754": {
    "birthdate": 1971-03-15T00:00:00.000Z,
    "clientId": "617754",
    "displayName": "Kenneth Green",
    "fullName": {
      "givenNames": "Kenneth",
      "surname": "Green",
    },
    "gender": "MALE",
    "pseudonymizedClientId": "hashed-617754",
    "raceOrEthnicity": "BLACK",
  },
  "hashed-707222": {
    "birthdate": 1971-03-15T00:00:00.000Z,
    "clientId": "707222",
    "displayName": "Quinn Adams",
    "fullName": {
      "givenNames": "Quinn",
      "surname": "Adams",
    },
    "gender": "MALE",
    "pseudonymizedClientId": "hashed-707222",
    "raceOrEthnicity": "BLACK",
  },
  "hashed-792381": {
    "birthdate": 1971-03-15T00:00:00.000Z,
    "clientId": "792381",
    "displayName": "Jessica Rivera",
    "fullName": {
      "givenNames": "Jessica",
      "surname": "Rivera",
    },
    "gender": "FEMALE",
    "pseudonymizedClientId": "hashed-792381",
    "raceOrEthnicity": "BLACK",
  },
  "hashed-803013": {
    "birthdate": 1971-03-15T00:00:00.000Z,
    "clientId": "803013",
    "displayName": "Ryan Lewis",
    "fullName": {
      "givenNames": "Ryan",
      "surname": "Lewis",
    },
    "gender": "MALE",
    "pseudonymizedClientId": "hashed-803013",
    "raceOrEthnicity": "BLACK",
  },
  "hashed-837771": {
    "birthdate": null,
    "clientId": "837771",
    "displayName": "Mary Davis",
    "fullName": {
      "givenNames": "Mary",
      "surname": "Davis",
    },
    "gender": null,
    "pseudonymizedClientId": "hashed-837771",
    "raceOrEthnicity": null,
  },
  "hashed-840134": {
    "birthdate": 1971-03-15T00:00:00.000Z,
    "clientId": "840134",
    "displayName": "Donald White",
    "fullName": {
      "givenNames": "Donald",
      "surname": "White",
    },
    "gender": "MALE",
    "pseudonymizedClientId": "hashed-840134",
    "raceOrEthnicity": "BLACK",
  },
  "hashed-869516": {
    "birthdate": 1971-03-15T00:00:00.000Z,
    "clientId": "869516",
    "displayName": "Samuel Wilson",
    "fullName": {
      "givenNames": "Samuel",
      "surname": "Wilson",
    },
    "gender": "MALE",
    "pseudonymizedClientId": "hashed-869516",
    "raceOrEthnicity": "BLACK",
  },
  "hashed-914408": {
    "birthdate": 1971-03-15T00:00:00.000Z,
    "clientId": "914408",
    "displayName": "Alexander Hill",
    "fullName": {
      "givenNames": "Alexander",
      "surname": "Hill",
    },
    "gender": "MALE",
    "pseudonymizedClientId": "hashed-914408",
    "raceOrEthnicity": "BLACK",
  },
  "hashed-930441": {
    "birthdate": 1971-03-15T00:00:00.000Z,
    "clientId": "930441",
    "displayName": "Stanley Maxwell",
    "fullName": {
      "givenNames": "Stanley",
      "surname": "Maxwell",
    },
    "gender": "MALE",
    "pseudonymizedClientId": "hashed-930441",
    "raceOrEthnicity": "BLACK",
  },
  "hashed-931890": {
    "birthdate": 1971-03-15T00:00:00.000Z,
    "clientId": "931890",
    "displayName": "Ricardo Wood",
    "fullName": {
      "givenNames": "Ricardo",
      "surname": "Wood",
    },
    "gender": "MALE",
    "pseudonymizedClientId": "hashed-931890",
    "raceOrEthnicity": "BLACK",
  },
  "hashed-968048": {
    "birthdate": 1971-03-15T00:00:00.000Z,
    "clientId": "968048",
    "displayName": "Casey Baker",
    "fullName": {
      "givenNames": "Casey",
      "surname": "Baker",
    },
    "gender": "FEMALE",
    "pseudonymizedClientId": "hashed-968048",
    "raceOrEthnicity": "BLACK",
  },
  "hashed-985771": {
    "birthdate": 1971-03-15T00:00:00.000Z,
    "clientId": "985771",
    "displayName": "Kevin Baker",
    "fullName": {
      "givenNames": "Kevin",
      "surname": "Baker",
    },
    "gender": "MALE",
    "pseudonymizedClientId": "hashed-985771",
    "raceOrEthnicity": "BLACK",
  },
}
`;
