// Vitest Snapshot v1, https://vitest.dev/guide/snapshot.html

exports[`leadership transformation 1`] = `
{
  "entity": null,
  "metadata": {
    "hasSeenOnboarding": false,
  },
  "role": null,
}
`;

exports[`supervisor transformation 1`] = `
{
  "entity": {
    "displayName": "Miles D Davis",
    "email": "mock-email",
    "externalId": "mdavis123",
    "fullName": {
      "givenNames": "Miles",
      "middleNames": "D",
      "surname": "Davis",
    },
    "hasOutliers": true,
    "pseudonymizedId": "hashed-mdavis123",
    "supervisionDistrict": "Region D1",
  },
  "metadata": {
    "hasSeenOnboarding": false,
  },
  "role": "supervision_officer_supervisor",
}
`;
